// Jest Snapshot v1, https://goo.gl/fbAQLP

exports[`NavBtn Container should match snapshot 1`] = `
<NavLink
  className="button-nav"
  to="/study"
>
  Study
</NavLink>
`;
