// Jest Snapshot v1, https://goo.gl/fbAQLP

exports[`StudyForm StudyForm component should matchSnapshot 1`] = `
<div
  className="div-filter-search-form"
>
  <label
    className="label-show"
    forhtml="display-cards-options"
  >
    Show:
    <select
      className="select-show"
      id="display-cards-options"
      name="show"
      onChange={[Function]}
      value="All"
    >
      <option
        value="All"
      >
        All
      </option>
      <option
        value="Still Learning"
      >
        Still Learning
      </option>
      <option
        value="Got It!"
      >
        Got It!
      </option>
    </select>
  </label>
  <label
    className="label-search"
    forhtml="search-cards"
  >
    Search All:
    <input
      className="input-search"
      name="query"
      onChange={[Function]}
      placeholder="Search Country By Name"
      type="search"
      value=""
    />
  </label>
  <button
    className="button-clear-search"
    onClick={[Function]}
  >
    Clear Search
  </button>
</div>
`;
